..\maven\apache-maven-3.9.6\bin\mvn.cmd : WARNING: A restricted method in 
java.lang.System has been called
At line:1 char:64
+ ... hiselMod" ; ..\maven\apache-maven-3.9.6\bin\mvn.cmd package -DskipTes ...
+                 ~~~~~~~~~~~~~~~~~~~~~~~~~~~~~~~~~~~~~~~~~~~~~~~~~~~~~~~~~
    + CategoryInfo          : NotSpecified: (WARNING: A rest...has been called 
   :String) [], RemoteException
    + FullyQualifiedErrorId : NativeCommandError
 
WARNING: java.lang.System::load has been called by 
org.fusesource.jansi.internal.JansiLoader in an unnamed module (file:/C:/Users/
James/OneDrive/Desktop/Mods%20For%20CSMP/maven/apache-maven-3.9.6/lib/jansi-2.4
.0.jar)
WARNING: Use --enable-native-access=ALL-UNNAMED to avoid a warning for callers 
in this module
WARNING: Restricted methods will be blocked in a future release unless native 
access is enabled

WARNING: A terminally deprecated method in sun.misc.Unsafe has been called
WARNING: sun.misc.Unsafe::objectFieldOffset has been called by 
com.google.common.util.concurrent.AbstractFuture$UnsafeAtomicHelper (file:/C:/U
sers/James/OneDrive/Desktop/Mods%20For%20CSMP/maven/apache-maven-3.9.6/lib/guav
a-32.0.1-jre.jar)
WARNING: Please consider reporting this to the maintainers of class 
com.google.common.util.concurrent.AbstractFuture$UnsafeAtomicHelper
WARNING: sun.misc.Unsafe::objectFieldOffset will be removed in a future release
[INFO] Scanning for projects...
[INFO] 
[INFO] -------------------< com.beyondminer:KingdomsBounty >-------------------
[INFO] Building KingdomsBounty 1.0.0
[INFO]   from pom.xml
[INFO] --------------------------------[ jar ]---------------------------------
[INFO] 
[INFO] --- resources:3.3.1:resources (default-resources) @ KingdomsBounty ---
[INFO] Copying 2 resources from src\main\resources to target\classes
[INFO] 
[INFO] --- compiler:3.13.0:compile (default-compile) @ KingdomsBounty ---
[INFO] Recompiling the module because of added or removed source files.
[INFO] Compiling 106 source files with javac [debug release 21] to target\classes
[INFO] /C:/Users/James/OneDrive/Desktop/Mods For CSMP/ChiselMod/src/main/java/com/chisellives/LivesManager.java: Some input files use or override a deprecated API.
[INFO] /C:/Users/James/OneDrive/Desktop/Mods For CSMP/ChiselMod/src/main/java/com/chisellives/LivesManager.java: Recompile with -Xlint:deprecation for details.
[INFO] 
[INFO] --- resources:3.3.1:testResources (default-testResources) @ KingdomsBounty ---
[INFO] skip non existing resourceDirectory C:\Users\James\OneDrive\Desktop\Mods For CSMP\ChiselMod\src\test\resources
[INFO] 
[INFO] --- compiler:3.13.0:testCompile (default-testCompile) @ KingdomsBounty ---
[INFO] No sources to compile
[INFO] 
[INFO] --- surefire:3.2.2:test (default-test) @ KingdomsBounty ---
[INFO] Tests are skipped.
[INFO] 
[INFO] --- jar:3.3.0:jar (default-jar) @ KingdomsBounty ---
[INFO] Building jar: C:\Users\James\OneDrive\Desktop\Mods For CSMP\ChiselMod\target\KingdomsBounty-1.0.0.jar
[INFO] 
[INFO] --- shade:3.5.3:shade (default) @ KingdomsBounty ---
[INFO] Including org.slf4j:slf4j-api:jar:2.0.9 in the shaded jar.
[INFO] Including org.xerial:sqlite-jdbc:jar:3.46.0.0 in the shaded jar.
[INFO] Including com.zaxxer:HikariCP:jar:5.1.0 in the shaded jar.
[INFO] Including com.mysql:mysql-connector-j:jar:8.4.0 in the shaded jar.
[INFO] Including com.google.protobuf:protobuf-java:jar:3.25.1 in the shaded jar.
[INFO] Including com.google.code.gson:gson:jar:2.11.0 in the shaded jar.
[INFO] Including com.google.errorprone:error_prone_annotations:jar:2.27.0 in the shaded jar.
[WARNING] Discovered module-info.class. Shading will break its strong encapsulation.
[WARNING] mysql-connector-j-8.4.0.jar, sqlite-jdbc-3.46.0.0.jar define 1 overlapping resource: 
[WARNING]   - META-INF/services/java.sql.Driver
[WARNING] HikariCP-5.1.0.jar, KingdomsBounty-1.0.0.jar, error_prone_annotations-2.27.0.jar, gson-2.11.0.jar, mysql-connector-j-8.4.0.jar, protobuf-java-3.25.1.jar, slf4j-api-2.0.9.jar, sqlite-jdbc-3.46.0.0.jar define 1 overlapping resource: 
[WARNING]   - META-INF/MANIFEST.MF
[WARNING] error_prone_annotations-2.27.0.jar, gson-2.11.0.jar, slf4j-api-2.0.9.jar, sqlite-jdbc-3.46.0.0.jar define 1 overlapping classes: 
[WARNING]   - META-INF.versions.9.module-info
[WARNING] maven-shade-plugin has detected that some files are
[WARNING] present in two or more JARs. When this happens, only one
[WARNING] single version of the file is copied to the uber jar.
[WARNING] Usually this is not harmful and you can skip these warnings,
[WARNING] otherwise try to manually exclude artifacts based on
[WARNING] mvn dependency:tree -Ddetail=true and the above output.
[WARNING] See https://maven.apache.org/plugins/maven-shade-plugin/
[INFO] Replacing original artifact with shaded artifact.
[INFO] Replacing C:\Users\James\OneDrive\Desktop\Mods For CSMP\ChiselMod\target\KingdomsBounty-1.0.0.jar with C:\Users\James\OneDrive\Desktop\Mods For CSMP\ChiselMod\target\KingdomsBounty-1.0.0-shaded.jar
[INFO] ------------------------------------------------------------------------
[INFO] BUILD SUCCESS
[INFO] ------------------------------------------------------------------------
[INFO] Total time:  40.142 s
[INFO] Finished at: 2026-03-23T19:07:13+05:30
[INFO] ------------------------------------------------------------------------
